14:18:56 **** Auto Build of configuration Debug for project hello_rtl_multiplier ****
make pre-build main-build 
a9-linaro-pre-build-step
' '
'Building file: ../src/helloworld.c'
'Invoking: ARM v7 gcc compiler'
arm-none-eabi-gcc -Wall -O0 -g3 -c -fmessage-length=0 -MT"src/helloworld.o" -mcpu=cortex-a9 -mfpu=vfpv3 -mfloat-abi=hard -I../../hello_rtl_multiplier_bsp/ps7_cortexa9_0/include -MMD -MP -MF"src/helloworld.d" -MT"src/helloworld.o" -o "src/helloworld.o" "../src/helloworld.c"
In file included from ../src/helloworld.c:2:0:
../../hello_rtl_multiplier_bsp/ps7_cortexa9_0/include/xbasic_types.h:111:2: warning: #warning The xbasics_type.h file is deprecated and users should use xil_types.h and xil_assert. [-Wcpp]
 #warning  The xbasics_type.h file is deprecated and users should use xil_types.h and xil_assert.
  ^~~~~~~
../../hello_rtl_multiplier_bsp/ps7_cortexa9_0/include/xbasic_types.h:112:2: warning: #warning Please refer the Standalone BSP UG647 for further details [-Wcpp]
 #warning  Please refer the Standalone BSP UG647 for further details
  ^~~~~~~
../src/helloworld.c: In function 'main':
../src/helloworld.c:10:5: warning: implicit declaration of function 'xil_printf'; did you mean '__builtin_printf'? [-Wimplicit-function-declaration]
     xil_printf("Performing a test of the RTL_MULTIPLIER... \n\r");
     ^~~~~~~~~~
     __builtin_printf
'Finished building: ../src/helloworld.c'
' '
'Building target: hello_rtl_multiplier.elf'
'Invoking: ARM v7 gcc linker'
arm-none-eabi-gcc -mcpu=cortex-a9 -mfpu=vfpv3 -mfloat-abi=hard -Wl,-build-id=none -specs=Xilinx.spec -Wl,-T -Wl,../src/lscript.ld -L../../hello_rtl_multiplier_bsp/ps7_cortexa9_0/lib -o "hello_rtl_multiplier.elf"  ./src/helloworld.o ./src/platform.o   -Wl,--start-group,-lxil,-lgcc,-lc,--end-group
'Finished building target: hello_rtl_multiplier.elf'
' '
'Invoking: ARM v7 Print Size'
arm-none-eabi-size hello_rtl_multiplier.elf  |tee "hello_rtl_multiplier.elf.size"
   text	   data	    bss	    dec	    hex	filename
  22296	   1152	  22568	  46016	   b3c0	hello_rtl_multiplier.elf
'Finished building: hello_rtl_multiplier.elf.size'
' '

14:18:57 Build Finished (took 769ms)

